(Decl (Variable (VarIdentifier "a") (Just IntT) Nothing),ParserState {config = Configuration {debug = True, collapseOperations = True, collapseControlFlow = True, colors = True}, st = fromList [("a",VariableData {variableType = Just IntT, inScope = True, isInitialized = False, isConstant = False})], fst = fromList []})
