Expr (LambdaApplication (LambdaFunc [(VarIdentifier "a",IntT)] (Just (Block FunctionBlock []))) (FunctionCall (FunctionIdentifier "a") []))
