Decl (IfBlock (Operation (GreaterThan (VarIdentifier "a") (0))) (VarIdentifier "b") Nothing)
