Decl (CollapsedControlFlow (Block If [Decl (Variable (VarIdentifier "a") (Just IntT) (Just (Type (Int 0))))]))
