Decl (IfBlock (Operation (GreaterThan (VarIdentifier "a") (Type (Int 0)))) (Block If [Decl (Assignment (AddAssign (VarIdentifier "a") (Type (Int 1))))]) (Just (ElseBlock (Block Else [Decl (Assignment (SubAssign (VarIdentifier "a") (Type (Int 1))))]))))
