Decl (FunctionDef (FunctionIdentifier "a") [(VarIdentifier "b",int),(VarIdentifier "c",string)] int Nothing)
