error: Expected IntT but got VectorT
 --> test/test_wrong_arg_type_has_forward/test_wrong_arg_type_has_forward.mvs:2:1
  |
2 | func a(b: vector) {}
  | ^
  |
hint: Try changing the argument type.
