Expr (Operation (Or (Operation (And (Operation (GreaterThan (Operation (BitwiseXor (Operation (BitwiseAnd (Operation (Add (Type (Int 1)) (Operation (Multiply (Type (Int 2)) (Type (Int 3)))))) (Type (Int 1)))) (Type (Int 2)))) (Type (Int 5)))) (Type (Int 3)))) (Type (Int 2))))
