Decl (CollapsedControlFlow (Block If [Decl (Variable (VarIdentifier "a") (Just int) (Just (Type (Int 0))))]))
