Decl (FunctionDef (FunctionIdentifier "a") [(VarIdentifier "b",IntT),(VarIdentifier "c",StringT)] IntT (Just (Block (FunctionBlock IntT) [Decl (Variable (VarIdentifier "a") (Just IntT) (Just (Type (Int 0)))),Expr (Return (Just (VarIdentifier "a")))])))
