(Decl (FunctionDef (FunctionIdentifier "a") [] VoidT Nothing),ParserState {config = Configuration {debug = True, collapseOperations = True, collapseControlFlow = True, colors = True}, st = fromList [], fst = fromList [("a",FunctionData {returnType = VoidT, arguments = [], hasBody = False})], context = Nothing, unresolvedFunctionCalls = []})
