Expr (LambdaApplication (LambdaFunc [(VarIdentifier "a",int)] (Just (Block (FunctionBlock void) [Expr (VarIdentifier "a")]))) (Type (Int 6)))
