Expr (Operation (Add (Type (Int 3)) (Operation (Multiply (Type (Int 3)) (Type (Int 3))))))
