Expr (LambdaFunc [] (Just (Block (FunctionBlock VoidT) [])))
