(Decl (FunctionDef (FunctionIdentifier "a") [] BoolT (Just (Block (FunctionBlock BoolT) []))),ParserState {config = Configuration {debug = True, collapseOperations = True, collapseControlFlow = True, colors = True}, st = fromList [], fst = fromList [("a",FunctionData {returnType = BoolT, arguments = [], hasBody = True})], context = Nothing})
