Decl (Variable (VarIdentifier "a") (Just lambda[lambda[lambda[int]int]int]lambda[int]int) Nothing)
