Decl (FunctionDef (FunctionIdentifier "a") [] void Nothing)
Decl (FunctionDef (FunctionIdentifier "b") [] void Nothing)
Expr (FunctionCall (FunctionIdentifier "a") [])
Expr (FunctionCall (FunctionIdentifier "b") [])
Decl (FunctionDef (FunctionIdentifier "a") [] void (Just (Block (FunctionBlock void) [])))
Decl (FunctionDef (FunctionIdentifier "b") [] void (Just (Block (FunctionBlock void) [])))
