Decl (Variable (VarIdentifier "a") (Just int) (Just (Type (Int 0))))
Decl (IfBlock (Operation (GreaterThan (VarIdentifier "a") (Type (Int 0)))) (Block If [Decl (Assignment (AddAssign (VarIdentifier "a") (Type (Int 1))))]) (Just (ElseBlock (Block Else [Decl (Assignment (SubAssign (VarIdentifier "a") (Type (Int 1)))),Decl (IfBlock (Operation (GreaterThan (VarIdentifier "a") (Type (Int 0)))) (Block If [Decl (Assignment (AddAssign (VarIdentifier "a") (Type (Int 1))))]) (Just (ElseBlock (Block Else [Decl (Assignment (SubAssign (VarIdentifier "a") (Type (Int 1))))]))))]))))
