Decl (FunctionDef (FunctionIdentifier "a") [] void (Just (Block (FunctionBlock void) [])))
Expr (FunctionCall (FunctionIdentifier "a") [])
