Decl (Variable (VarIdentifier "a") (Just int) (Just (Type (Int 0))))
Decl (Assignment (AddAssign (VarIdentifier "a") (Type (Int 1))))
