Decl (FunctionDef (FunctionIdentifier "a") [] void (Just (Block (FunctionBlock void) [])))

--- STATE ---

Function symbol table:
	Function name: a
		Return type: void
		Arguments: 
		Has body: True
