Decl (Variable (VarIdentifier "a") (Just (LambdaT [] (ArrayT IntT))) Nothing)
