Decl (Variable (VarIdentifier "a") (Just lambda[[string]]void) Nothing)
