(Decl (FunctionDef (FunctionIdentifier "a") [(VarIdentifier "b",IntT),(VarIdentifier "c",StringT)] VoidT (Just (Block (FunctionBlock VoidT) []))),ParserState {config = Configuration {debug = True, collapseOperations = True, collapseControlFlow = True, colors = True}, st = fromList [], fst = fromList [("a",FunctionData {returnType = VoidT, arguments = [("b",IntT),("c",StringT)], hasBody = True})], context = Nothing, unresolvedFunctionCalls = []})
