Decl (Variable (VarIdentifier "a") (Just vector) (Just (Type (Vector [Type (Int 0)]))))
Decl (Variable (VarIdentifier "a") (Just matrix) (Just (Type (Matrix [Type (Array [Type (Int 0),Type (Int 1)])]))))
Decl (Variable (VarIdentifier "a") (Just point) (Just (Type (Point [Type (Int 0)]))))
