Expr (LambdaFunc [(VarIdentifier "a",int)] (Just (Block (FunctionBlock void) [Expr (VarIdentifier "a")])))
